// Vitest Snapshot v1, https://vitest.dev/guide/snapshot.html

exports[`the tile table (docs/TILES.md → src/rules/tiles.ts) > matches the snapshot: check every line against the physical player mat 1`] = `
"Cotton mill (12 tiles)
  lvl       tiles  £    coal iron VP   inc  link cubes noCanal noRail dev
  I         ?     ?     ?     ?     5     ?     ?     –     ?       ?       ?
  II        ?     ?     ?     ?     ?     ?     ?     –     ?       ?       ?
  III       ?     ?     ?     ?     ?     ?     ?     –     ?       ?       ?
  IV        ?     ?     ?     ?     ?     ?     ?     –     ?       ?       ?
Coal mine (7 tiles)
  lvl       tiles  £    coal iron VP   inc  link cubes noCanal noRail dev
  I         ?     ?     ?     ?     ?     ?     ?     ?     ?       ?       ?
  II        ?     ?     ?     ?     ?     ?     ?     ?     ?       ?       ?
  III       ?     ?     ?     ?     ?     ?     ?     ?     ?       ?       ?
  IV        ?     ?     ?     ?     ?     ?     ?     ?     ?       ?       ?
Iron works (4 tiles)
  lvl       tiles  £    coal iron VP   inc  link cubes noCanal noRail dev
  I         ?     ?     ?     ?     ?     ?     ?     ?     ?       ?       ?
  II        ?     ?     ?     ?     ?     ?     ?     ?     ?       ?       ?
  III       ?     ?     ?     ?     ?     ?     ?     ?     ?       ?       ?
  IV        ?     ?     ?     ?     ?     ?     ?     ?     ?       ?       ?
Port (8 tiles)
  lvl       tiles  £    coal iron VP   inc  link cubes noCanal noRail dev
  I         ?     ?     ?     ?     ?     ?     ?     –     ?       ?       ?
  II        ?     ?     ?     ?     ?     ?     ?     –     ?       ?       ?
  III       ?     ?     ?     ?     ?     ?     ?     –     ?       ?       ?
  IV        ?     ?     ?     ?     ?     ?     ?     –     ?       ?       ?
Shipyard (6 tiles)
  lvl       tiles  £    coal iron VP   inc  link cubes noCanal noRail dev
  0 locked  ?     –     –     –     –     –     –     –     –       –       yes
  I         ?     ?     ?     ?     ?     ?     ?     –     ?       ?       ?
  II        ?     ?     ?     ?     ?     ?     ?     –     yes?    ?       ?
Coal market: ? ? ? ? ? ? ? ? | empty 5
Iron market: ? ? ? ? ? ? ? ? | empty 5
Income track: £-10=?-? £-9=?-? £-8=?-? £-7=?-? £-6=?-? £-5=?-? £-4=?-? £-3=?-? £-2=?-? £-1=?-? £0=?-? £1=?-? £2=?-? £3=?-? £4=?-? £5=?-? £6=?-? £7=?-? £8=?-? £9=?-? £10=?-? £11=?-? £12=?-? £13=?-? £14=?-? £15=?-? £16=?-? £17=?-? £18=?-? £19=?-? £20=?-? £21=?-? £22=?-? £23=?-? £24=?-? £25=?-? £26=?-? £27=?-? £28=?-? £29=?-? £30=?-?
Distant market tiles: ?/?
Distant market track: ?
Location cards: caernarfon 1?×(4?P+), wrexham 2?×(3?P+), carmarthen 2?×(3?P+), merthyr 3?×(3?P+), stoke 3?×(2?P+), derby 2?×(2?P+), nottingham 2?×(3?P+), lichfield 1?×(2?P+), wolverhampton 3?×(2?P+), birmingham 4?×(2?P+), leicester 2?×(2?P+), gloucester 2?×(2?P+), oxford 2?×(2?P+), bristol 4?×(2?P+), swindon 2?×(2?P+), southampton 3?×(3?P+), barnstaple 1?×(4?P+), exeter 2?×(4?P+), plymouth 2?×(4?P+)
Industry cards: cotton 6?, coal 5?, iron 4?, port 4?, shipyard 2?
Hubs: the_north link ? market yes?, london link ? market yes?, west_wales link ? market yes?
Port towns give market access: yes?"
`;
